{
  "name": "test",
  "id": "test-id",
  "version": "1.0.4",
  "metadata": {},
  "features": {
    "coupling": false,
    "git": false,
    "git_details": false,
    "file_stats": false
  },
  "tree": {
    "name": "<root>",
    "children": [
      {
        "name": "child",
        "children": [
          {
            "name": "a.txt!?"
          }
        ]
      },
      {
        "name": "parent.clj!?"
      }
    ]
  }
}
